/Users/joeyoung/Desktop/techlogproject/M11TechLogApp 2/src/main/java/org/example/m11techlogapp/controller/GenerateLogsController.java
/Users/joeyoung/Desktop/techlogproject/M11TechLogApp 2/src/main/java/org/example/m11techlogapp/controller/MainPageController.java
/Users/joeyoung/Desktop/techlogproject/M11TechLogApp 2/src/main/java/org/example/m11techlogapp/controller/OutputLogController.java
/Users/joeyoung/Desktop/techlogproject/M11TechLogApp 2/src/main/java/org/example/m11techlogapp/model/ConnectDB.java
/Users/joeyoung/Desktop/techlogproject/M11TechLogApp 2/src/main/java/org/example/m11techlogapp/HelloApplication.java
/Users/joeyoung/Desktop/techlogproject/M11TechLogApp 2/src/main/java/org/example/m11techlogapp/DateUtils.java
/Users/joeyoung/Desktop/techlogproject/M11TechLogApp 2/src/main/java/org/example/m11techlogapp/LogEntry.java
/Users/joeyoung/Desktop/techlogproject/M11TechLogApp 2/src/main/java/org/example/m11techlogapp/model/DBController.java
/Users/joeyoung/Desktop/techlogproject/M11TechLogApp 2/src/main/java/org/example/m11techlogapp/controller/searchController.java
/Users/joeyoung/Desktop/techlogproject/M11TechLogApp 2/src/main/java/org/example/m11techlogapp/controller/UpdateRecordsController.java
